10 - Expecting value: line 1 column 1 (char 0)
10 - <html>
<head><title>502 Bad Gateway</title></head>
<body bgcolor="white">
<center><h1>502 Bad Gateway</h1></center>
<hr><center>nginx</center>
</body>
</html>

10 - ____________________________________
6 - 'best'
6 - {"bestanswer":"1837332987","waiting_brand_reply":0,"arating":"0","points":"111","nick":"алла томова","comments":[],"state":"R","totalmarks":0,"adds":[],"brand_url":"","sponanswer":"0","category":{"urlname":"other_games","name":"Прочие"},"acanselbest":0,"answers":[{"source":"","ofilin":"zKs--x6A9jgNGNmHyHGIMZqWypUMI3mlLNTyUUa26suXIqfK_gz_He5bWN_-_7BPnzc~","points":"126","added":"46035297","brand":"","nick":"Инесса Капичева","comcnt":"0","rating":"0","atext":"алла. ТРЕБУЮТСЯ НАБОРЩИКИ ТЕКСТА!!! ЗАРПЛАТА ОТ 2000 РУБЛЕЙ В ДЕНЬ!!! 288452 <a href=\"/\" rel=\"nofollow\" title=\"15907216:##:2cZSSV2\">[ссылка заблокирована по решению администрации проекта]</a>","totalmarks":0,"brand_url":"","vip":0,"id":"1837334212","lvl":"Ученик","usrid":"229233551","kpd":0},{"source":"","ofilin":"GS-chON-Og3uFozs9mwC7lL_kS3B-gI5117GVDomu3KWhR6q7OX3mHaJySdTGwRv5oUV","points":"5725","added":"46035681","brand":"","nick":"Серёга  Каплев","comcnt":"0","rating":"0","atext":"<a rel=\"nofollow\" href=\"http://super-tor.net/torrent/15683\" target=\"_blank\">http://super-tor.net/torrent/15683</a>","totalmarks":"1","brand_url":"","vip":0,"id":"1837333144","lvl":"Мыслитель","usrid":"178243742","kpd":"10.55"}],"has_brand_answer":0,"canreply":0,"noadd":1,"description":"Пользователь алла томова задал вопрос в категории Прочие и получил на него 2 ответа","cid":"1333","waslead":"0","qtext":"ЧТО ДЕЛАТЬ ЕСЛИ СКУЧНО ЗА НОУТОМ СКИНЬТЕ ССЫЛКУ НА КАКУЮ НИБУДЬ ИГРУ (БЕЗ ВИРУСОВ)","watcher":0,"status":"200","ofilin":"EpDGPzQRJmsESkSQ8lxIKVb_haKLHwubgyixeS9vUEhjovWG4FwUyrw4_A2FMo0zCQ~~","added":"45984305","brand":"","comcnt":"0","rating":"0","vip":0,"qcomment":"","lvl":"Ученик","polltype":"","cancomment":"0","qid":"194142758","anscnt":"2","hidden":"0","canreplyreason":{"error":"not auth","rid":5},"kpd":0,"usrid":"227626270"}
6 - ____________________________________
5 - Expecting value: line 1 column 1 (char 0)
5 - <html>
<head><title>502 Bad Gateway</title></head>
<body bgcolor="white">
<center><h1>502 Bad Gateway</h1></center>
<hr><center>nginx</center>
</body>
</html>

5 - ____________________________________
14 - Expecting value: line 1 column 1 (char 0)
14 - <html>
<head><title>502 Bad Gateway</title></head>
<body bgcolor="white">
<center><h1>502 Bad Gateway</h1></center>
<hr><center>nginx</center>
</body>
</html>

14 - ____________________________________
10 - 'best'
10 - {"bestanswer":"1798007096","waiting_brand_reply":0,"arating":"0","points":"171","nick":"Артем Корнев","comments":[],"state":"R","totalmarks":0,"adds":[],"brand_url":"","sponanswer":"0","category":{"urlname":"pc_games","name":"Клиентские"},"acanselbest":0,"answers":[{"source":"","ofilin":"leEW6slykInLHEp5HQqNOlaHQW9TCAHQ0h1hYV0EXnzMCAT3JPA0l95BkpzFPQ~~","points":"171","added":"68685276","brand":"","nick":"den brut","comcnt":"0","rating":"0","atext":"У тя Skype есть","totalmarks":0,"brand_url":"","vip":0,"id":"1798007095","lvl":"Ученик","usrid":"206352757","kpd":0}],"has_brand_answer":0,"canreply":0,"noadd":1,"description":"Ребята кто знает хороший сервер на котором есть адекватные люди! Заранее спасибо=)","cid":"2009","waslead":"0","qtext":"Всем привет! Ребята обращаюсь к людям играющим в самп! (gta san andreas samp)","watcher":0,"status":"200","ofilin":"Qwb6uQVWdd10Jw_R9FzkiJCfJm2-UD5_RlnO72UQ-DXuc7fJMjZdlCyXNu9odJjIHgjLrDQ~","added":"68661093","brand":"","comcnt":"0","rating":"0","vip":0,"qcomment":"Ребята кто знает хороший сервер на котором есть адекватные люди! \nЗаранее спасибо=)","lvl":"Ученик","polltype":"","cancomment":"1","qid":"186134772","anscnt":"2","hidden":"0","canreplyreason":{"error":"not auth","rid":5},"kpd":"28.57","usrid":"203224251"}
10 - ____________________________________
9 - 'best'
9 - {"bestanswer":"1807441486","waiting_brand_reply":0,"arating":"0","points":"38473","nick":"Wunschlos glücklich","comments":[{"num":1,"ofilin":"mZAg8yKEfWsg3icu9FxpAdcv939CwINbNo5fC-XHW51-Gavy_imx8TBdLVP0wQ~~","points":"38473","added":"63795855","brand":"","nick":"Wunschlos glücklich","comments":[],"comcnt":0,"brand_url":"","vip":0,"cmtext":"это у вас такие вшивые песни пишут и поют с большой сцены","refid":"1807441544","parent":0,"totalcnt":0,"lvl":"Просветленный","invisible":null,"cmid":"223820144","isclosed":null,"type":"A","hidden":null,"kpd":"7.91","usrid":"39490642"}],"state":"R","totalmarks":"1","adds":[{"adnid":"30854406","added":"63796138","atext":"<a data-video=\"https://videoapi.my.mail.ru/videos/embed/mail/svettwoj/_vanswers/898.html\" data-big=\"1\"><img src=\"https://videoapi.my.mail.ru/mail/svettwoj/_vanswers/i-898.jpg\" data-lsrc=\"https://videoapi.my.mail.ru/mail/svettwoj/_vanswers/p-898.jpg\"></a>"},{"adnid":"30854408","added":"63796012","atext":"ПРОДОЛЖЕНИЕ ПЕСНИ:\n \"Скажи мне братец честно, ты от чего косой\nОт сала и горилки, иль водки с колбасой\nМы пьём с тобою вместе, все триста лет уже\nИ твой вареник с вишней мне сильно по душе\" \nКосой? глаза косые что ли?"}],"brand_url":"","sponanswer":"0","category":{"urlname":"languages","name":"Лингвистика"},"acanselbest":0,"answers":[{"source":"","ofilin":"J9bXPPntcqqrffib7hTIo41MqQaixHtmIm4pctvIDQ2JrF_wYFsmUWrTEHhBuf8ctPDBOd8Ibw~~","points":"49975","added":"63785903","brand":"","nick":"Влад Коваленко","comcnt":"0","rating":"0","atext":"Гей это по старому приветствие, оклик, сейчас это просто \"эй\".","totalmarks":"1","brand_url":"","vip":0,"id":"1807448789","lvl":"Просветленный","usrid":"187514044","kpd":"13.2"},{"source":"","ofilin":"GPxpDlTxeXGVf99HXmIGdOPKIy7ocG5cru11lGpQJ84bGHfS9YQDtN6wjg~~","points":"29684","added":"63792116","brand":"","nick":"█","comcnt":"0","rating":"0","atext":"ты от чего косой?\nречь идёт о водка/горилка+сало/колбаса =БУХЛО+ЗАКУСКА\nи не нужно выискивать никаких потаённых смыслов\n<img data-lsrc=\"//content-23.foto.my.mail.ru/mail/sotvm/pricoly/p-310.jpg\" data-big=\"1\" src=\"//otvet.imgsmail.ru/download/cfe4bcfaccf6fdc2e0f04608fa35ec7d_h-310.jpg\">","totalmarks":"1","brand_url":"","vip":0,"id":"1807443714","lvl":"Просветленный","usrid":"66639191","kpd":"10.11"},{"source":"","ofilin":"b28ie7zZHTehT6PiBJLYz9pkG8GNQl6zfYTpF1PWc5ShyBH8sYf7BR6MF5IUVaZ_j6E~","points":"46559","added":"63793010","brand":"","nick":"Петров Дмитрий","comcnt":"0","rating":"0","atext":"Гей. Это старославянское приветствие.. никоим образом не относящееся к современному американскому сленгу..","totalmarks":"3","brand_url":"","vip":0,"id":"1807443185","lvl":"Просветленный","usrid":"70721142","kpd":"17.7"},{"source":"","ofilin":"thRUUI0USe5iIZ2sij2qpErMlSVNfpKp-Ic1LutWX3iWYPW8AYRKwJOe4cA4OER1gK25qG3j","points":"21762","added":"63793470","brand":"","nick":"Мираж","comcnt":"0","rating":"0","atext":"имел в виду (раздельно)\nпри чем (раздельно)\nГеи в Лингвистике и правда ни при чем.","totalmarks":"1","brand_url":"","vip":0,"id":"1807442932","lvl":"Просветленный","usrid":"75863223","kpd":"8.91"},{"source":"","ofilin":"n0Eh_LxWQzczGVp_xHs4Iv4UAymVOep8vQg2Tyjfq1qVo-Y9qeyl42croTG5","points":"2918","added":"63796109","brand":"","nick":"Константин Максаев","comments":[{"num":1,"ofilin":"mZAg8yKEfWsg3icu9FxpAdcv939CwINbNo5fC-XHW51-Gavy_imx8TBdLVP0wQ~~","points":"38473","added":"63795855","brand":"","nick":"Wunschlos glücklich","comments":[],"comcnt":0,"brand_url":"","vip":0,"cmtext":"это у вас такие вшивые песни пишут и поют с большой сцены","refid":"1807441544","parent":0,"totalcnt":0,"lvl":"Просветленный","invisible":null,"cmid":"223820144","isclosed":null,"type":"A","hidden":null,"kpd":"7.91","usrid":"39490642"}],"comcnt":"1","rating":"0","atext":"Кто о чем... А вшивый о бане!","totalmarks":0,"brand_url":"","vip":0,"id":"1807441544","lvl":"Гуру","usrid":"80944083","kpd":"5.75"}],"has_brand_answer":0,"canreply":0,"noadd":1,"description":"\"Гей, славяне! Гей, славяне! Москали и Киевляне Нам ли с вами родину делить Неужели наставишь пушку, На свою жену хохлушку? Лучше буду я её любить... \"","cid":"1507","waslead":"0","qtext":"Что Ю. Энтин имел ввиду? Причем тут геи? О какой пушке речь?","watcher":0,"status":"200","ofilin":"mZAg8yKEfWsg3icu9FxpAdcv939CwINbNo5fC-XHW51-Gavy_imx8TBdLVP0wQ~~","added":"63765564","brand":"","comcnt":"0","rating":"0","vip":0,"qcomment":"\"Гей, славяне! Гей, славяне!\nМоскали и Киевляне\nНам ли с вами родину делить\nНеужели наставишь пушку,\nНа свою жену хохлушку?\nЛучше буду я её любить... \"","lvl":"Просветленный","polltype":"","cancomment":"1","qid":"188127059","anscnt":"5","hidden":"0","canreplyreason":{"error":"not auth","rid":5},"kpd":"7.91","usrid":"39490642"}
9 - ____________________________________
10 - 'best'
10 - {"bestanswer":"1797985097","waiting_brand_reply":0,"arating":"0","points":"140","nick":"Андрей Шевченко","comments":[{"num":1,"ofilin":"p4uVXW_Cf9pqXwenVx4YFvi-kFVexyI3p_CnRxr8Xng02_qmjNI3tXR2ch39sEJnp-610Q~~","points":"140","added":"68720467","brand":"","nick":"Андрей Шевченко","comments":[],"comcnt":0,"brand_url":"","vip":0,"cmtext":"может, попробуете?\nя даже схему счас поищу","refid":"1797956082","parent":0,"totalcnt":0,"lvl":"Ученик","invisible":null,"cmid":"218190391","isclosed":null,"type":"A","hidden":null,"kpd":20,"usrid":"203118880"},{"num":2,"ofilin":"p4uVXW_Cf9pqXwenVx4YFvi-kFVexyI3p_CnRxr8Xng02_qmjNI3tXR2ch39sEJnp-610Q~~","points":"140","added":"68719418","brand":"","nick":"Андрей Шевченко","comcnt":1,"comments":[{"num":1,"ofilin":"sjf6Iki75al1cQeqgdnw8pBvJhAtjU-mg1j7A_zPtEClBEqKHDkq_gSASEU~","points":"6151","added":"68719027","brand":"","nick":"известное без фамилии","comments":[],"comcnt":1,"brand_url":"","vip":0,"cmtext":"Предлагают телевизионную приблуду- Варистор !!\nНо у Вас в Тех. Задании - 10 ..20 минут! Это не из трёх.. пяти деталек приблудочка - Это ВЕСЬМА серьёзный таймер!!\nМожет быть - ГЕНИЙ какой ПРОСВЕТИТ нас - одна деталька -и 20 минут!!!","refid":"1797956082","parent":"218190794","totalcnt":2,"lvl":"Мыслитель","invisible":null,"cmid":"218190960","isclosed":null,"type":"A","hidden":null,"kpd":"8.95","usrid":"204058715"}],"brand_url":"","vip":0,"cmtext":"даже схему приложил","refid":"1797956082","parent":0,"totalcnt":3,"lvl":"Ученик","invisible":null,"cmid":"218190794","isclosed":null,"type":"A","hidden":null,"kpd":20,"usrid":"203118880"},{"num":1,"ofilin":"sjf6Iki75al1cQeqgdnw8pBvJhAtjU-mg1j7A_zPtEClBEqKHDkq_gSASEU~","points":"6151","added":"68718980","brand":"","nick":"известное без фамилии","comcnt":1,"comments":[{"num":1,"ofilin":"C9PI5ke28y7vkhKN9KxUu8okeqdC7Kk7dP-nayTCIEP88XcvCRwirwLPsQ~~","points":"275112","added":"68718554","brand":"","nick":"Абрам Циммерман","comments":[],"comcnt":2,"brand_url":"","vip":0,"cmtext":"Да тот же терморезистор поближе к диодам","refid":"1797956299","parent":"218190983","totalcnt":13,"lvl":"Искусственный Интеллект","invisible":null,"cmid":"218191186","isclosed":null,"type":"A","hidden":null,"kpd":"16.09","usrid":"71654630"}],"brand_url":"","vip":0,"cmtext":"10...20 МИНУУУУТ!!","refid":"1797956299","parent":0,"totalcnt":14,"lvl":"Мыслитель","invisible":null,"cmid":"218190983","isclosed":null,"type":"A","hidden":null,"kpd":"8.95","usrid":"204058715"},{"num":1,"ofilin":"sjf6Iki75al1cQeqgdnw8pBvJhAtjU-mg1j7A_zPtEClBEqKHDkq_gSASEU~","points":"6151","added":"68718040","brand":"","nick":"известное без фамилии","comments":[],"comcnt":0,"brand_url":"","vip":0,"cmtext":"ИМЕННО, хорошо бы от \"Вятки\" - там ПУТЯЧИЙ командо - аппарат!!!!","refid":"1797957328","parent":0,"totalcnt":0,"lvl":"Мыслитель","invisible":null,"cmid":"218191436","isclosed":null,"type":"A","hidden":null,"kpd":"8.95","usrid":"204058715"},{"num":1,"ofilin":"GsPh0DgRiBtuYIKMWiwCE4KcjkIDPfrlTgUGvpAZ6SPKxFoTbLymcubCdl7h","points":"134809","added":"68707147","brand":"","nick":"Технический директор","comcnt":1,"comments":[{"num":1,"ofilin":"b_yozM8aCeyOvv0PpdvBOkRHioI1gqJIcr6f-HtBc-QSe_4tFbDYumoTb2du89td5SGzJg~~","points":"44074","added":"68705037","brand":"","nick":"Dr. Dick","comments":[],"comcnt":2,"brand_url":"","vip":0,"cmtext":"СД-ленте не нужна стабилизация тока, т. к. она состоит из цепочек по 3 диода + резистор. Т. е. каждая цепочка питается напряжением, а не током. Диммер - обычнейший ШИМ-контроллер, который тупо преобразует угол поворота ручки в ширину импульса, ничего не стабилизируя","refid":"1797958088","parent":"218197329","totalcnt":4,"lvl":"Просветленный","invisible":null,"cmid":"218199042","isclosed":null,"type":"A","hidden":null,"kpd":"17.41","usrid":"63592672"}],"brand_url":"","vip":0,"cmtext":"Диммер нужен для стабилизации Нужного тока.\nНа входе обычно имеет 220, выход на цепочку диодов.\nТак что колхоз не катит...\nА вот транзистор с конденсатором в базе - решение..\nТолько режимы просчитать.\nИ - каждому диммеру свой.","refid":"1797958088","parent":0,"totalcnt":5,"lvl":"Искусственный Интеллект","invisible":null,"cmid":"218197329","isclosed":null,"type":"A","hidden":null,"kpd":"10.53","usrid":"459784"},{"num":1,"ofilin":"sjf6Iki75al1cQeqgdnw8pBvJhAtjU-mg1j7A_zPtEClBEqKHDkq_gSASEU~","points":"6151","added":"68708668","brand":"","nick":"известное без фамилии","comments":[],"comcnt":0,"brand_url":"","vip":0,"cmtext":"Владимир, спасибо за ЧЁТКОСТЬ ответа, этому Андрею!!!!","refid":"1797961060","parent":0,"totalcnt":0,"lvl":"Мыслитель","invisible":null,"cmid":"218196223","isclosed":null,"type":"A","hidden":null,"kpd":"8.95","usrid":"204058715"}],"state":"R","totalmarks":0,"adds":[{"adnid":"30545113","added":"68719449","atext":"ВОт, схема. Хочу вместо резистора элемент с возрастающим сопротивлением\n<img src=\"//otvet.imgsmail.ru/download/203118880_d993ef9fd55407d7cc7032d8fe7a2c3a_800.jpg\" alt=\"\" data-lsrc=\"//otvet.imgsmail.ru/download/203118880_d993ef9fd55407d7cc7032d8fe7a2c3a_120x120.jpg\" data-big=\"1\">"},{"adnid":"30546013","added":"68696553","atext":"ну закидайте тапками, 5 килоОм"}],"brand_url":"","sponanswer":"0","category":{"urlname":"technics","name":"Техника"},"acanselbest":0,"answers":[{"source":"","ofilin":"lJBWmJj2JtbGLb68GapfoYHvx9cJmkjUfssMOgVewOZLc7FFunCbfsPlcPrgWQ~~","points":"110227","added":"68699911","brand":"","nick":"Олег Тимошин","comcnt":"0","rating":"0","atext":"Ну в принципе реализуемо и включается вместо Вашего R1 - \nвот только работоспособность не гарантирую, так как надо проверять эту схему и мог не той проводимости мосфет нарисовать)))\n<img src=\"//otvet.imgsmail.ru/download/875a8375f91de049494d6073098e8a2f_af5266c5f4e27345bebf97b08bc71c54.jpg\" data-big=\"1\" data-lsrc=\"//otvet.imgsmail.ru/download/28060279_e877033d7f6b68d4812b9877f97ec6c3_120x120.jpg\">","totalmarks":0,"brand_url":"","vip":0,"id":"1797979372","lvl":"Искусственный Интеллект","usrid":"28060279","kpd":"12.67"},{"source":"","ofilin":"3lt2HyqHlIev3UTFpEGf1L-1T9dWhkZWAHrTQV-xnPjoszFk7fsA8HX8rXDVKtz1ecI14g~~","points":"244167","added":"68713011","brand":"","nick":"Владимир","comments":[{"num":1,"ofilin":"sjf6Iki75al1cQeqgdnw8pBvJhAtjU-mg1j7A_zPtEClBEqKHDkq_gSASEU~","points":"6151","added":"68708668","brand":"","nick":"известное без фамилии","comments":[],"comcnt":0,"brand_url":"","vip":0,"cmtext":"Владимир, спасибо за ЧЁТКОСТЬ ответа, этому Андрею!!!!","refid":"1797961060","parent":0,"totalcnt":0,"lvl":"Мыслитель","invisible":null,"cmid":"218196223","isclosed":null,"type":"A","hidden":null,"kpd":"8.95","usrid":"204058715"}],"comcnt":"1","rating":"0","atext":"ты по-русски распиши что ты хочешь на выходе получить!","totalmarks":"4","brand_url":"","vip":0,"id":"1797961060","lvl":"Искусственный Интеллект","usrid":"30328950","kpd":"10.96"},{"source":"","ofilin":"b_yozM8aCeyOvv0PpdvBOkRHioI1gqJIcr6f-HtBc-QSe_4tFbDYumoTb2du89td5SGzJg~~","points":"44074","added":"68717059","brand":"","nick":"Dr. Dick","comments":[{"num":1,"ofilin":"GsPh0DgRiBtuYIKMWiwCE4KcjkIDPfrlTgUGvpAZ6SPKxFoTbLymcubCdl7h","points":"134809","added":"68707147","brand":"","nick":"Технический директор","comcnt":1,"comments":[{"num":1,"ofilin":"b_yozM8aCeyOvv0PpdvBOkRHioI1gqJIcr6f-HtBc-QSe_4tFbDYumoTb2du89td5SGzJg~~","points":"44074","added":"68705037","brand":"","nick":"Dr. Dick","comments":[],"comcnt":2,"brand_url":"","vip":0,"cmtext":"СД-ленте не нужна стабилизация тока, т. к. она состоит из цепочек по 3 диода + резистор. Т. е. каждая цепочка питается напряжением, а не током. Диммер - обычнейший ШИМ-контроллер, который тупо преобразует угол поворота ручки в ширину импульса, ничего не стабилизируя","refid":"1797958088","parent":"218197329","totalcnt":4,"lvl":"Просветленный","invisible":null,"cmid":"218199042","isclosed":null,"type":"A","hidden":null,"kpd":"17.41","usrid":"63592672"}],"brand_url":"","vip":0,"cmtext":"Диммер нужен для стабилизации Нужного тока.\nНа входе обычно имеет 220, выход на цепочку диодов.\nТак что колхоз не катит...\nА вот транзистор с конденсатором в базе - решение..\nТолько режимы просчитать.\nИ - каждому диммеру свой.","refid":"1797958088","parent":0,"totalcnt":5,"lvl":"Искусственный Интеллект","invisible":null,"cmid":"218197329","isclosed":null,"type":"A","hidden":null,"kpd":"10.53","usrid":"459784"}],"comcnt":"6","rating":"0","atext":"Мужик! У тебя ЗАДАЧА какова? Медленно зажечь светодиоды? Выкинь диммер, возьми тупо мощный транзистор (КТ819 например), вманди в цепь базы RC-цепь рассчитанную на необходимое время, а ленту включи в цепь эмиттера.","totalmarks":"2","brand_url":"","vip":0,"id":"1797958088","lvl":"Просветленный","usrid":"63592672","kpd":"17.41"},{"source":"","ofilin":"zzkA4C7QLqnAfCzCSXDodZfk2A11BV5Dgt7BROjvkIIz98Q2H5ImjspdTONDvgw~","points":"17744","added":"68718450","brand":"","nick":"Александр Шеруда","comments":[{"num":1,"ofilin":"sjf6Iki75al1cQeqgdnw8pBvJhAtjU-mg1j7A_zPtEClBEqKHDkq_gSASEU~","points":"6151","added":"68718040","brand":"","nick":"известное без фамилии","comments":[],"comcnt":0,"brand_url":"","vip":0,"cmtext":"ИМЕННО, хорошо бы от \"Вятки\" - там ПУТЯЧИЙ командо - аппарат!!!!","refid":"1797957328","parent":0,"totalcnt":0,"lvl":"Мыслитель","invisible":null,"cmid":"218191436","isclosed":null,"type":"A","hidden":null,"kpd":"8.95","usrid":"204058715"}],"comcnt":"1","rating":"0","atext":"Берётся потенциометр и таймер от стиральной машины старого образца и таймер крутит потенциометр.","totalmarks":"2","brand_url":"","vip":0,"id":"1797957328","lvl":"Мудрец","usrid":"58689203","kpd":"11.92"},{"source":"","ofilin":"C9PI5ke28y7vkhKN9KxUu8okeqdC7Kk7dP-nayTCIEP88XcvCRwirwLPsQ~~","points":"275112","added":"68720255","brand":"","nick":"Абрам Циммерман","comments":[{"num":1,"ofilin":"sjf6Iki75al1cQeqgdnw8pBvJhAtjU-mg1j7A_zPtEClBEqKHDkq_gSASEU~","points":"6151","added":"68718980","brand":"","nick":"известное без фамилии","comcnt":1,"comments":[{"num":1,"ofilin":"C9PI5ke28y7vkhKN9KxUu8okeqdC7Kk7dP-nayTCIEP88XcvCRwirwLPsQ~~","points":"275112","added":"68718554","brand":"","nick":"Абрам Циммерман","comments":[],"comcnt":2,"brand_url":"","vip":0,"cmtext":"Да тот же терморезистор поближе к диодам","refid":"1797956299","parent":"218190983","totalcnt":13,"lvl":"Искусственный Интеллект","invisible":null,"cmid":"218191186","isclosed":null,"type":"A","hidden":null,"kpd":"16.09","usrid":"71654630"}],"brand_url":"","vip":0,"cmtext":"10...20 МИНУУУУТ!!","refid":"1797956299","parent":0,"totalcnt":14,"lvl":"Мыслитель","invisible":null,"cmid":"218190983","isclosed":null,"type":"A","hidden":null,"kpd":"8.95","usrid":"204058715"}],"comcnt":"15","rating":"0","atext":"Буков много, а понять сложно. А деталь такая есть. Приблуда для размагничевания кинескопа. Правда там время секунды","totalmarks":0,"brand_url":"","vip":0,"id":"1797956299","lvl":"Искусственный Интеллект","usrid":"71654630","kpd":"16.09"},{"source":"","ofilin":"sjf6Iki75al1cQeqgdnw8pBvJhAtjU-mg1j7A_zPtEClBEqKHDkq_gSASEU~","points":"6151","added":"68720709","brand":"","nick":"известное без фамилии","comments":[{"num":1,"ofilin":"p4uVXW_Cf9pqXwenVx4YFvi-kFVexyI3p_CnRxr8Xng02_qmjNI3tXR2ch39sEJnp-610Q~~","points":"140","added":"68720467","brand":"","nick":"Андрей Шевченко","comments":[],"comcnt":0,"brand_url":"","vip":0,"cmtext":"может, попробуете?\nя даже схему счас поищу","refid":"1797956082","parent":0,"totalcnt":0,"lvl":"Ученик","invisible":null,"cmid":"218190391","isclosed":null,"type":"A","hidden":null,"kpd":20,"usrid":"203118880"},{"num":2,"ofilin":"p4uVXW_Cf9pqXwenVx4YFvi-kFVexyI3p_CnRxr8Xng02_qmjNI3tXR2ch39sEJnp-610Q~~","points":"140","added":"68719418","brand":"","nick":"Андрей Шевченко","comcnt":1,"comments":[{"num":1,"ofilin":"sjf6Iki75al1cQeqgdnw8pBvJhAtjU-mg1j7A_zPtEClBEqKHDkq_gSASEU~","points":"6151","added":"68719027","brand":"","nick":"известное без фамилии","comments":[],"comcnt":1,"brand_url":"","vip":0,"cmtext":"Предлагают телевизионную приблуду- Варистор !!\nНо у Вас в Тех. Задании - 10 ..20 минут! Это не из трёх.. пяти деталек приблудочка - Это ВЕСЬМА серьёзный таймер!!\nМожет быть - ГЕНИЙ какой ПРОСВЕТИТ нас - одна деталька -и 20 минут!!!","refid":"1797956082","parent":"218190794","totalcnt":2,"lvl":"Мыслитель","invisible":null,"cmid":"218190960","isclosed":null,"type":"A","hidden":null,"kpd":"8.95","usrid":"204058715"}],"brand_url":"","vip":0,"cmtext":"даже схему приложил","refid":"1797956082","parent":0,"totalcnt":3,"lvl":"Ученик","invisible":null,"cmid":"218190794","isclosed":null,"type":"A","hidden":null,"kpd":20,"usrid":"203118880"}],"comcnt":"5","rating":"0","atext":"....НИчего не понимаю в электронике....\nМилейший, найдите пожалуйста - чего - то понимающего в электронике- подскажем!!!\nА просто расписывать \"плотнику\" - как варить сталь или ещё что - то\" - пустое это!!! \nЗадача Ваша - решаема !!!","totalmarks":"1","brand_url":"","vip":0,"id":"1797956082","lvl":"Мыслитель","usrid":"204058715","kpd":"8.95"}],"has_brand_answer":0,"canreply":0,"noadd":1,"description":"НИчего не понимаю в электронике. Есть цепочка диодов запитанная от драйвера диммируемого, контакты отвечающие за диммирование работаю по принципу - в разомкнуто...","cid":"1523","waslead":"0","qtext":"как сделать простую схему","watcher":0,"status":"200","ofilin":"p4uVXW_Cf9pqXwenVx4YFvi-kFVexyI3p_CnRxr8Xng02_qmjNI3tXR2ch39sEJnp-610Q~~","added":"68688073","brand":"","comcnt":"0","rating":"0","vip":0,"qcomment":"НИчего не понимаю в электронике. Есть цепочка диодов запитанная от драйвера диммируемого, контакты отвечающие за диммирование работаю по принципу - в разомкнутом состоянии 100% мощность, указано для них сопротивление 5 Ом. СОбственно, сейчас между ними стоит резистор переменного сопротивления, а мне нужно чтобы сопротивление само возростало на промежутке где-то 10-20 минут, Есть ли какая либо электротехническая деталь, повышающая свое сопротивление по мере накопления заряда, или может какая схема для данного случая?","lvl":"Ученик","polltype":"","cancomment":"1","qid":"186124256","anscnt":"6","hidden":"0","canreplyreason":{"error":"not auth","rid":5},"kpd":20,"usrid":"203118880"}
10 - ____________________________________
14 - Expecting value: line 1 column 1 (char 0)
14 - <html>
<head><title>502 Bad Gateway</title></head>
<body bgcolor="white">
<center><h1>502 Bad Gateway</h1></center>
<hr><center>nginx</center>
</body>
</html>

14 - ____________________________________
8 - Expecting value: line 1 column 1 (char 0)
8 - <html>
<head><title>502 Bad Gateway</title></head>
<body bgcolor="white">
<center><h1>502 Bad Gateway</h1></center>
<hr><center>nginx</center>
</body>
</html>

8 - ____________________________________
12 - Expecting value: line 1 column 1 (char 0)
12 - <html>
<head><title>502 Bad Gateway</title></head>
<body bgcolor="white">
<center><h1>502 Bad Gateway</h1></center>
<hr><center>nginx</center>
</body>
</html>

12 - ____________________________________
2 - Expecting value: line 1 column 1 (char 0)
2 - <html>
<head><title>502 Bad Gateway</title></head>
<body bgcolor="white">
<center><h1>502 Bad Gateway</h1></center>
<hr><center>nginx</center>
</body>
</html>

2 - ____________________________________
1 - Expecting value: line 1 column 1 (char 0)
1 - <html>
<head><title>502 Bad Gateway</title></head>
<body bgcolor="white">
<center><h1>502 Bad Gateway</h1></center>
<hr><center>nginx</center>
</body>
</html>

1 - ____________________________________
0 - Expecting value: line 1 column 1 (char 0)
0 - <html>
<head><title>502 Bad Gateway</title></head>
<body bgcolor="white">
<center><h1>502 Bad Gateway</h1></center>
<hr><center>nginx</center>
</body>
</html>

3 - Expecting value: line 1 column 1 (char 0)
0 - ____________________________________
3 - <html>
<head><title>502 Bad Gateway</title></head>
<body bgcolor="white">
<center><h1>502 Bad Gateway</h1></center>
<hr><center>nginx</center>
</body>
</html>

3 - ____________________________________
1 - Expecting value: line 1 column 1 (char 0)
1 - <html>
<head><title>502 Bad Gateway</title></head>
<body bgcolor="white">
<center><h1>502 Bad Gateway</h1></center>
<hr><center>nginx</center>
</body>
</html>

1 - ____________________________________
7 - Expecting value: line 1 column 1 (char 0)
7 - <html>
<head><title>502 Bad Gateway</title></head>
<body bgcolor="white">
<center><h1>502 Bad Gateway</h1></center>
<hr><center>nginx</center>
</body>
</html>

7 - ____________________________________
1 - Expecting value: line 1 column 1 (char 0)
1 - <html>
<head><title>502 Bad Gateway</title></head>
<body bgcolor="white">
<center><h1>502 Bad Gateway</h1></center>
<hr><center>nginx</center>
</body>
</html>

1 - ____________________________________
8 - Expecting value: line 1 column 1 (char 0)
8 - <html>
<head><title>502 Bad Gateway</title></head>
<body bgcolor="white">
<center><h1>502 Bad Gateway</h1></center>
<hr><center>nginx</center>
</body>
</html>

8 - ____________________________________
